\BOOKMARK [0][-]{chapter.1}{\376\377\000P\000r\000o\000p\000r\000i\000\351\000t\000\351\000s\000\040\000\351\000l\000\350\000m\000e\000n\000t\000a\000i\000r\000e\000s\000\040\000d\000u\000\040\000l\000i\000t\000h\000i\000u\000m}{}% 1
\BOOKMARK [1][-]{section.1.1}{\376\377\000\300\000\040\000l\000'\000\351\000c\000h\000e\000l\000l\000e\000\040\000a\000t\000o\000m\000i\000q\000u\000e\040\046}{chapter.1}% 2
\BOOKMARK [2][-]{subsection.1.1.1}{\376\377\000P\000r\000o\000p\000r\000i\000\351\000t\000\351\000s\000\040\000c\000o\000r\000p\000s\000\040\000p\000u\000r\000s}{section.1.1}% 3
\BOOKMARK [3][-]{subsubsection.1.1.1.1}{\376\377\000D\000e\000n\000s\000i\000t\000\351\000\040\000e\000t\000\040\000m\000a\000s\000s\000e\000\040\000v\000o\000l\000u\000m\000i\000q\000u\000e}{subsection.1.1.1}% 4
\BOOKMARK [3][-]{subsubsection.1.1.1.2}{\376\377\000T\000e\000m\000p\000\351\000r\000a\000t\000u\000r\000e\000\040\000d\000e\000\040\000f\000u\000s\000i\000o\000n\000\040\000e\000t\000\040\000d\000'\000\351\000b\000u\000l\000l\000i\000t\000i\000o\000n}{subsection.1.1.1}% 5
\BOOKMARK [3][-]{subsubsection.1.1.1.3}{\376\377\000D\000u\000r\000e\000t\000\351}{subsection.1.1.1}% 6
\BOOKMARK [3][-]{subsubsection.1.1.1.4}{\376\377\000R\000a\000y\000o\000n\000\040\000d\000e\000\040\000c\000o\000v\000a\000l\000e\000n\000c\000e\000,\000\040\000i\000o\000n\000i\000q\000u\000e\000\040\000e\000t\000\040\000m\000\351\000t\000a\000l\000l\000i\000q\000u\000e}{subsection.1.1.1}% 7
\BOOKMARK [2][-]{subsection.1.1.2}{\376\377\000P\000r\000o\000p\000r\000i\000\351\000t\000\351\000s\000\040\000d\000\351\000r\000i\000v\000a\000n\000t\000\040\000d\000e\000\040\000l\000'\000\351\000n\000e\000r\000g\000i\000e}{section.1.1}% 8
\BOOKMARK [3][-]{subsubsection.1.1.2.1}{\376\377\000P\000o\000t\000e\000n\000t\000i\000e\000l\000\040\000d\000'\000i\000o\000n\000i\000s\000a\000t\000i\000o\000n\000\040\000e\000t\000\040\000a\000f\000f\000i\000n\000i\000t\000\351\000\040\000\351\000l\000e\000c\000t\000r\000o\000n\000i\000q\000u\000e}{subsection.1.1.2}% 9
\BOOKMARK [3][-]{subsubsection.1.1.2.2}{\376\377\000\311\000l\000e\000c\000t\000r\000o\000n\000\351\000g\000a\000t\000i\000v\000i\000t\000\351\000\040\000:\000\040\000a\000f\000f\000i\000n\000i\000t\000\351\000\040\000d\000e\000s\000\040\000\351\000l\000e\000m\000e\000n\000t\000s\000\040\000a\000u\000x\000\040\000\351\000l\000e\000c\000t\000r\000o\000n\000s}{subsection.1.1.2}% 10
\BOOKMARK [1][-]{section.1.2}{\376\377\000P\000r\000o\000p\000r\000i\000\351\000t\000\351\000s\000\040\000r\000\351\000d\000o\000x\000\040\000:\000\040\000l\000e\000\040\000p\000o\000u\000v\000o\000i\000r\000\040\000r\000\351\000d\000u\000c\000t\000e\000u\000r\000\040\000d\000u\000\040\000l\000i\000t\000h\000i\000u\000m}{chapter.1}% 11
\BOOKMARK [2][-]{subsection.1.2.1}{\376\377\000P\000o\000t\000e\000n\000t\000i\000e\000l\000\040\000r\000\351\000d\000o\000x\000\040\000s\000t\000a\000n\000d\000a\000r\000d}{section.1.2}% 12
\BOOKMARK [2][-]{subsection.1.2.2}{\376\377\000C\000o\000m\000p\000r\000e\000n\000d\000r\000e\000\040\000l\000'\000a\000n\000o\000m\000a\000l\000i\000e\000\040\000r\000\351\000d\000o\000x\000\040\000d\000u\000\040\000l\000i\000t\000h\000i\000u\000m}{section.1.2}% 13
\BOOKMARK [2][-]{subsection.1.2.3}{\376\377\000I\000m\000p\000o\000r\000t\000a\000n\000c\000e\000\040\000d\000e\000\040\000l\000a\000\040\000s\000o\000l\000v\000a\000t\000a\000t\000i\000o\000n\000\040\000d\000a\000n\000s\000\040\000l\000e\000s\000\040\000p\000r\000o\000p\000r\000i\000\351\000t\000\351\000s\000\040\000d\000u\000\040\000l\000i\000t\000h\000i\000u\000m}{section.1.2}% 14
\BOOKMARK [3][-]{subsubsection.1.2.3.1}{\376\377\000R\000a\000y\000o\000n\000\040\000d\000e\000\040\000c\000a\000v\000i\000t\000\351\000/\000h\000y\000d\000r\000o\000d\000y\000n\000a\000m\000i\000q\000u\000e}{subsection.1.2.3}% 15
\BOOKMARK [3][-]{subsubsection.1.2.3.2}{\376\377\000C\000o\000o\000r\000d\000i\000n\000a\000t\000i\000o\000n}{subsection.1.2.3}% 16
\BOOKMARK [0][-]{chapter.2}{\376\377\000D\000e\000\040\000l\000'\000a\000t\000o\000m\000e\000\040\000d\000e\000\040\000l\000i\000t\000h\000i\000u\000m\000\040\000a\000u\000x\000\040\000m\000a\000t\000\351\000r\000i\000a\000u\000x\000\040\000d\000u\000\040\000p\000\364\000l\000e\000\040}{}% 17
\BOOKMARK [1][-]{section.2.1}{\376\377\000L\000e\000\040\000l\000i\000t\000h\000i\000u\000m\000\040\000a\000u\000\040\000s\000e\000i\000n\000\040\000d\000'\000u\000n\000\040\000m\000a\000t\000\351\000r\000i\000a\000u\000\040\000h\000\364\000t\000e}{chapter.2}% 18
\BOOKMARK [2][-]{subsection.2.1.1}{\376\377\000T\000o\000p\000o\000l\000o\000g\000i\000e\000\040\000d\000e\000s\000\040\000m\000a\000t\000\351\000r\000i\000a\000u\000x\000\040\000d\000'\000i\000n\000s\000e\000r\000t\000i\000o\000n\000\040\000:\000\040\000l\000a\000\040\000d\000i\000m\000e\000n\000s\000i\000o\000n\000\040\000d\000e\000s\000\040\000m\000a\000t\000\351\000r\000i\000a\000u\000x}{section.2.1}% 19
\BOOKMARK [2][-]{subsection.2.1.2}{\376\377\000E\000n\000v\000i\000r\000o\000n\000n\000e\000m\000e\000n\000t\000\040\000c\000h\000i\000m\000i\000q\000u\000e\000\040\000d\000u\000\040\000l\000i\000t\000h\000i\000u\000m\000\040\000i\000n\000s\000\351\000r\000\351\000\040\000:\000\040\000i\000n\000f\000l\000u\000e\000n\000c\000e\000\040\000s\000u\000r\000\040\000l\000a\000\040\000f\000.\000e\000.\000m\000.}{section.2.1}% 20
\BOOKMARK [2][-]{subsection.2.1.3}{\376\377\000C\000r\000i\000t\000\350\000r\000e\000s\000\040\000d\000e\000\040\000s\000t\000a\000b\000i\000l\000i\000t\000\351\000\040\000d\000e\000s\000\040\000s\000i\000t\000e\000s\000\040\000e\000t\000\040\000m\000\351\000c\000a\000n\000i\000s\000m\000e\000\040\000d\000e\000\040\000d\000i\000f\000f\000u\000s\000i\000o\000n}{section.2.1}% 21
\BOOKMARK [2][-]{subsection.2.1.4}{\376\377\000C\000o\000n\000s\000\351\000q\000u\000e\000n\000c\000e\000s\000\040\000s\000u\000r\000\040\000l\000a\000\040\000f\000o\000r\000c\000e\000\040\000\351\000l\000e\000c\000t\000r\000o\000m\000o\000t\000r\000i\000c\000e}{section.2.1}% 22
\BOOKMARK [1][-]{section.2.2}{\376\377\000S\000t\000a\000b\000i\000l\000i\000t\000\351\000\040\000d\000e\000\040\000l\000a\000\040\000s\000t\000r\000u\000c\000t\000u\000r\000e\000\040\000h\000\364\000t\000e\000\040\000e\000t\000\040\000t\000r\000a\000n\000s\000i\000t\000i\000o\000n\000\040\000d\000e\000\040\000p\000h\000a\000s\000e}{chapter.2}% 23
\BOOKMARK [2][-]{subsection.2.2.1}{\376\377\000S\000t\000a\000b\000i\000l\000i\000s\000a\000t\000i\000o\000n\000\040\000d\000'\000u\000n\000e\000\040\000c\000h\000a\000r\000p\000e\000n\000t\000e\000\040\000m\000o\000l\000\351\000c\000u\000l\000a\000i\000r\000e}{section.2.2}% 24
\BOOKMARK [3][-]{subsubsection.2.2.1.1}{\376\377\000P\000a\000r\000a\000m\000\350\000t\000r\000e\000s\000\040\000i\000n\000f\000l\000u\000e\000n\000\347\000a\000n\000t\000\040\000l\000a\000\040\000s\000t\000a\000b\000i\000l\000i\000t\000\351\000\040\000d\000u\000\040\000l\000i\000t\000h\000i\000u\000m\000\040\000a\000u\000\040\000s\000e\000i\000n\000\040\000d\000e\000\040\000l\000a\000\040\000s\000t\000r\000u\000c\000t\000u\000r\000e\000\040\000h\000\364\000t\000e}{subsection.2.2.1}% 25
\BOOKMARK [2][-]{subsection.2.2.2}{\376\377\000I\000n\000t\000e\000r\000p\000r\000\351\000t\000a\000t\000i\000o\000n\000\040\000d\000e\000\040\000l\000a\000\040\000s\000t\000a\000b\000i\000l\000i\000t\000\351\000\040\000d\000e\000s\000\040\000l\000i\000a\000i\000s\000o\000n\000s\000\040\000c\000h\000i\000m\000i\000q\000u\000e\000s}{section.2.2}% 26
\BOOKMARK [3][-]{subsubsection.2.2.2.1}{\376\377\000C\000a\000r\000a\000c\000t\000\350\000r\000e\000\040\000i\000o\000n\000i\000q\000u\000e\000\040\000:\000\040\000c\000r\000i\000t\000\350\000r\000e\000s\000\040\000s\000t\000r\000u\000c\000t\000u\000r\000a\000u\000x}{subsection.2.2.2}% 27
\BOOKMARK [3][-]{subsubsection.2.2.2.2}{\376\377\000C\000a\000r\000a\000c\000t\000\350\000r\000e\000\040\000i\000o\000n\000i\000q\000u\000e\000\040\000:\000\040\000c\000r\000i\000t\000\350\000r\000e\000s\000\040\000\351\000n\000e\000r\000g\000\351\000t\000i\000q\000u\000e\000s}{subsection.2.2.2}% 28
\BOOKMARK [3][-]{subsubsection.2.2.2.3}{\376\377\000C\000a\000r\000a\000c\000t\000\350\000r\000e\000\040\000c\000o\000v\000a\000l\000e\000n\000t}{subsection.2.2.2}% 29
\BOOKMARK [0][-]{chapter.3}{\376\377\000E\000x\000p\000l\000o\000r\000e\000r\000\040\000t\000o\000u\000s\000\040\000l\000e\000s\000\040\000p\000o\000s\000s\000i\000b\000l\000e\000s\000\040\000:\000\040\000"\000d\000e\000s\000i\000g\000n\000e\000r\000"\000\040\000u\000n\000\040\000m\000a\000t\000\351\000r\000i\000a\000u\000\040\000d\000'\000\351\000l\000e\000c\000t\000r\000o\000d\000e\000\040\000q\000u\000a\000n\000d\000\040\000o\000n\000\040\000e\000s\000t\000\040\000c\000h\000i\000m\000i\000s\000t\000e\000\040\000!}{}% 30
\BOOKMARK [1][-]{section.3.1}{\376\377\000P\000a\000r\000a\000m\000\350\000t\000r\000e\000s\000\040\000d\000'\000o\000p\000t\000i\000m\000i\000s\000a\000t\000i\000o\000n\000\040\000d\000e\000s\000\040\000c\000h\000i\000m\000i\000s\000t\000e\000s}{chapter.3}% 31
\BOOKMARK [2][-]{subsection.3.1.1}{\376\377\000S\000u\000b\000s\000t\000i\000t\000u\000t\000i\000o\000n\000\040\000c\000a\000t\000i\000o\000n\000i\000q\000u\000e\000\040\000:\000\040\000q\000u\000e\000l\000s\000\040\000c\000a\000t\000i\000o\000n\000s\000\040\000?}{section.3.1}% 32
\BOOKMARK [3][-]{subsubsection.3.1.1.1}{\376\377\000A\000m\000\351\000l\000i\000o\000r\000a\000t\000i\000o\000n\000\040\000d\000e\000s\000\040\000p\000e\000r\000f\000o\000r\000m\000a\000n\000c\000e\000s\000\040\000e\000n\000\040\000t\000e\000n\000s\000i\000o\000n}{subsection.3.1.1}% 33
\BOOKMARK [3][-]{subsubsection.3.1.1.2}{\376\377\000I\000m\000p\000a\000c\000t\000\040\000s\000u\000r\000\040\000l\000a\000\040\000c\000a\000p\000a\000c\000i\000t\000\351\000\040\000m\000a\000s\000s\000i\000q\000u\000e}{subsection.3.1.1}% 34
\BOOKMARK [2][-]{subsection.3.1.2}{\376\377\000S\000u\000b\000s\000t\000i\000t\000u\000t\000i\000o\000n\000\040\000a\000n\000i\000o\000n\000i\000q\000u\000e\000\040\000:\000\040\000q\000u\000e\000l\000s\000\040\000a\000n\000i\000o\000n\000s\000\040\000?}{section.3.1}% 35
\BOOKMARK [3][-]{subsubsection.3.1.2.1}{\376\377\000I\000n\000f\000l\000u\000e\000n\000c\000e\000\040\000d\000e\000s\000\040\000a\000n\000i\000o\000n\000s\000\040\000s\000i\000m\000p\000l\000e\000\040\000s\000u\000r\000\040\000l\000e\000\040\000d\000e\000g\000r\000\351\000\040\000d\000'\000o\000x\000y\000d\000a\000t\000i\000o\000n\000\040\000d\000e\000s\000\040\000m\000\351\000t\000a\000u\000x}{subsection.3.1.2}% 36
\BOOKMARK [3][-]{subsubsection.3.1.2.2}{\376\377\000E\000x\000a\000c\000e\000r\000b\000e\000r\000\040\000l\000'\000i\000o\000n\000i\000c\000i\000t\000\351\000\040\000p\000a\000r\000\040\000l\000'\000u\000t\000i\000l\000i\000s\000a\000t\000i\000o\000n\000\040\000d\000e\000\040\000p\000o\000l\000y\000\350\000d\000r\000e\000s\000\040\000a\000n\000i\000o\000n\000i\000q\000u\000e\000s}{subsection.3.1.2}% 37
\BOOKMARK [2][-]{subsection.3.1.3}{\376\377\000C\000h\000o\000i\000x\000\040\000d\000e\000\040\000l\000a\000\040\000s\000t\000r\000u\000c\000t\000u\000r\000e\000\040\000:\000\040\000p\000e\000r\000f\000o\000r\000m\000a\000n\000c\000e\000s\000\040\000u\000s\000u\000e\000l\000l\000e\000s\000\040\000d\000e\000s\000\040\000s\000t\000r\000u\000c\000t\000u\000r\000e\000s\000\040\000c\000o\000m\000m\000u\000n\000e\000s}{section.3.1}% 38
\BOOKMARK [3][-]{subsubsection.3.1.3.1}{\376\377\000I\000n\000f\000l\000u\000e\000n\000c\000e\000\040\000s\000u\000r\000\040\000l\000e\000\040\000p\000o\000t\000e\000n\000t\000i\000e\000l\000\040\000d\000'\000\351\000l\000e\000c\000t\000r\000o\000d\000e\000\040\000m\000o\000y\000e\000n\000\040\000d\000e\000\040\000l\000a\000\040\000c\000e\000l\000l\000u\000l\000e}{subsection.3.1.3}% 39
\BOOKMARK [3][-]{subsubsection.3.1.3.2}{\376\377\000I\000n\000f\000l\000u\000e\000n\000c\000e\000\040\000d\000e\000\040\000l\000a\000\040\000c\000o\000m\000p\000o\000s\000i\000t\000i\000o\000n\000\040\000e\000n\000\040\000L\000i\000\040\000s\000u\000r\000\040\000l\000e\000\040\000p\000o\000t\000e\000n\000t\000i\000e\000l\000\040\000d\000'\000\351\000l\000e\000c\000t\000r\000o\000d\000e}{subsection.3.1.3}% 40
\BOOKMARK [1][-]{section.3.2}{\376\377\000O\000p\000t\000i\000m\000i\000s\000a\000t\000i\000o\000n\000\040\000d\000e\000s\000\040\000s\000y\000s\000t\000\350\000m\000e\000s\000\040\000l\000a\000m\000e\000l\000l\000a\000i\000r\000e\000s\000\040\000p\000a\000r\000\040\000u\000n\000e\000\040\000a\000p\000p\000r\000o\000c\000h\000e\000\040\000d\000\351\000d\000u\000c\000t\000i\000v\000e}{chapter.3}% 41
\BOOKMARK [2][-]{subsection.3.2.1}{\376\377\000M\000a\000t\000\351\000r\000i\000a\000u\000x\000\040\000d\000e\000\040\000d\000\351\000p\000a\000r\000t\000\040\000:\000\040\000l\000e\000\040\000p\000\364\000l\000e\000\040\000C\000o}{section.3.2}% 42
\BOOKMARK [2][-]{subsection.3.2.2}{\376\377\000S\000t\000a\000b\000i\000l\000i\000s\000e\000r\000\040\000l\000e\000s\000\040\000s\000y\000s\000t\000\350\000m\000e\000s\000\040\000l\000a\000m\000e\000l\000l\000a\000i\000r\000e\000s\000\040\000:\000\040\000q\000u\000e\000l\000s\000\040\000m\000\351\000t\000a\000u\000x\000\040\000?}{section.3.2}% 43
\BOOKMARK [2][-]{subsection.3.2.3}{\376\377\000\311\000t\000u\000d\000e\000\040\000d\000e\000s\000\040\000p\000\364\000l\000e\000s}{section.3.2}% 44
\BOOKMARK [3][-]{subsubsection.3.2.3.1}{\376\377\000E\000t\000u\000d\000e\000\040\000d\000u\000\040\000p\000\364\000l\000e\000\040\000N\000i}{subsection.3.2.3}% 45
\BOOKMARK [3][-]{subsubsection.3.2.3.2}{\376\377\000\311\000t\000u\000d\000e\000\040\000d\000u\000\040\000p\000\364\000l\000e\000\040\000M\000n}{subsection.3.2.3}% 46
\BOOKMARK [1][-]{section.3.3}{\376\377\000B\000i\000l\000a\000n}{chapter.3}% 47
\BOOKMARK [0][-]{appendix.A}{\376\377\000T\000h\000\351\000o\000r\000i\000e\000\040\000d\000u\000\040\000c\000h\000a\000m\000p\000\040\000c\000r\000i\000s\000t\000a\000l\000l\000i\000n}{}% 48
\BOOKMARK [1][-]{section.A.1}{\376\377\000C\000o\000n\000s\000t\000r\000u\000c\000t\000i\000o\000n\000\040\000d\000e\000\040\000l\000a\000\040\000t\000h\000\351\000o\000r\000i\000e\000\040\000p\000o\000u\000r\000\040\000l\000a\000\040\000g\000\351\000o\000m\000\351\000t\000r\000i\000e\000\040\000o\000c\000t\000a\000\351\000d\000r\000i\000q\000u\000e}{appendix.A}% 49
\BOOKMARK [1][-]{section.A.2}{\376\377\000R\000\350\000g\000l\000e\000\040\000d\000u\000\040\000b\000a\000r\000y\000c\000e\000n\000t\000r\000e\000\040\000e\000t\000\040\000p\000a\000r\000a\000m\000\350\000t\000r\000e\000\040\000d\000u\000\040\000c\000h\000a\000m\000p\000\040\000c\000r\000i\000s\000t\000a\000l\000l\000i\000s\000a\000t\000i\000o\000n}{appendix.A}% 50
\BOOKMARK [1][-]{section.A.3}{\376\377\000A\000u\000t\000r\000e\000s\000\040\000g\000\351\000o\000m\000\351\000t\000r\000i\000e\000s}{appendix.A}% 51
\BOOKMARK [1][-]{section.A.4}{\376\377\000E\000n\000e\000r\000g\000i\000e\000\040\000d\000e\000\040\000s\000t\000a\000b\000i\000l\000i\000s\000a\000t\000i\000o\000n\000\040\000d\000u\000\040\000c\000h\000a\000m\000p\000\040\000c\000r\000i\000s\000t\000a\000l\000l\000i\000n\000\040\000\050\000E\000S\000C\000C\000\051\000\040\000e\000t\000\040\000c\000o\000n\000f\000i\000g\000u\000r\000a\000t\000i\000o\000n\000\040\000\351\000l\000e\000c\000t\000r\000o\000n\000i\000q\000u\000e}{appendix.A}% 52
\BOOKMARK [1][-]{section.A.5}{\376\377\000P\000a\000r\000a\000m\000\350\000t\000r\000e\000s\000\040\000i\000n\000f\000l\000u\000e\000n\000\347\000a\000n\000t\000\040\000O\000\040\000e\000t\000\040\000P}{appendix.A}% 53
