\BOOKMARK [0][-]{chapter.1}{\376\377\000I\000n\000t\000r\000o\000d\000u\000c\000t\000i\000o\000n}{}% 1
\BOOKMARK [0][-]{chapter.2}{\376\377\000N\000o\000t\000i\000o\000n\000s\000\040\000\351\000l\000\351\000m\000e\000n\000t\000a\000i\000r\000e\000s\000\040\000\340\000\040\000u\000s\000a\000g\000e\000\040\000d\000a\000n\000s\000\040\000l\000e\000s\000\040\000b\000a\000t\000t\000e\000r\000i\000e\000s}{}% 2
\BOOKMARK [1][-]{section.2.1}{\376\377\000C\000l\000a\000s\000s\000i\000f\000i\000c\000a\000t\000i\000o\000n\000\040\000d\000e\000s\000\040\000g\000\351\000n\000\351\000r\000a\000t\000e\000u\000r\000s\000\040\000\351\000l\000e\000c\000t\000r\000o\000c\000h\000i\000m\000i\000q\000u\000e\000s}{chapter.2}% 3
\BOOKMARK [2][-]{subsection.2.1.1}{\376\377\000D\000i\000s\000p\000o\000s\000i\000t\000i\000f\000\040\000c\000o\000n\000s\000t\000i\000t\000u\000\351\000\040\000d\000'\000u\000n\000e\000\040\000s\000e\000u\000l\000e\000\040\000c\000e\000l\000l\000u\000l\000e\000\040\000\351\000l\000e\000c\000t\000r\000o\000c\000h\000i\000m\000i\000q\000u\000e}{section.2.1}% 4
\BOOKMARK [2][-]{subsection.2.1.2}{\376\377\000D\000i\000s\000p\000o\000s\000i\000t\000i\000f\000s\000\040\000c\000o\000n\000s\000t\000i\000t\000u\000\351\000s\000\040\000d\000e\000\040\000p\000l\000u\000s\000i\000e\000u\000r\000s\000\040\000c\000e\000l\000l\000u\000l\000e\000s\000\040\000\351\000l\000e\000c\000t\000r\000o\000c\000h\000i\000m\000i\000q\000u\000e\000s}{section.2.1}% 5
\BOOKMARK [1][-]{section.2.2}{\376\377\000V\000o\000c\000a\000b\000u\000l\000a\000i\000r\000e\000\040\000a\000s\000s\000o\000c\000i\000\351\000\040\000a\000u\000x\000\040\000r\000\351\000a\000c\000t\000i\000o\000n\000s\000\040\000\351\000l\000e\000c\000t\000r\000o\000c\000h\000i\000m\000i\000q\000u\000e\000s}{chapter.2}% 6
\BOOKMARK [1][-]{section.2.3}{\376\377\000D\000e\000s\000c\000r\000i\000p\000t\000i\000o\000n\000\040\000d\000'\000u\000n\000e\000\040\000b\000a\000t\000t\000e\000r\000i\000e}{chapter.2}% 7
\BOOKMARK [2][-]{subsection.2.3.1}{\376\377\000P\000a\000r\000t\000i\000e\000\040\000\351\000l\000e\000c\000t\000r\000o\000a\000c\000t\000i\000v\000e}{section.2.3}% 8
\BOOKMARK [2][-]{subsection.2.3.2}{\376\377\000P\000a\000r\000t\000i\000e\000\040\000\351\000l\000e\000c\000t\000r\000o\000i\000n\000a\000c\000t\000i\000v\000e}{section.2.3}% 9
\BOOKMARK [2][-]{subsection.2.3.3}{\376\377\000B\000a\000t\000t\000e\000r\000i\000e\000,\000\040\000t\000e\000n\000s\000i\000o\000n\000\040\000\351\000l\000e\000c\000t\000r\000i\000q\000u\000e\000\040\000e\000t\000\040\000f\000o\000r\000c\000e\000\040\000\351\000l\000e\000c\000t\000r\000o\000m\000o\000t\000r\000i\000c\000e}{section.2.3}% 10
\BOOKMARK [1][-]{section.2.4}{\376\377\000T\000y\000p\000e\000\040\000d\000e\000\040\000r\000\351\000a\000c\000t\000i\000o\000n\000s}{chapter.2}% 11
\BOOKMARK [2][-]{subsection.2.4.1}{\376\377\000R\000\351\000a\000c\000t\000i\000o\000n\000s\000\040\000d\000e\000\040\000r\000e\000c\000o\000m\000p\000o\000s\000i\000t\000i\000o\000n}{section.2.4}% 12
\BOOKMARK [3][-]{subsubsection.2.4.1.1}{\376\377\000d\000i\000t\000e\000s\000\040\000d\000e\000\040\000f\000o\000r\000m\000a\000t\000i\000o\000n}{subsection.2.4.1}% 13
\BOOKMARK [3][-]{subsubsection.2.4.1.2}{\376\377\000d\000i\000t\000e\000s\000\040\000d\000e\000\040\000d\000\351\000p\000l\000a\000c\000e\000m\000e\000n\000t}{subsection.2.4.1}% 14
\BOOKMARK [2][-]{subsection.2.4.2}{\376\377\000R\000\351\000a\000c\000t\000i\000o\000n\000s\000\040\000d\000'\000i\000n\000s\000e\000r\000t\000i\000o\000n}{section.2.4}% 15
\BOOKMARK [1][-]{section.2.5}{\376\377\000C\000a\000r\000a\000c\000t\000\351\000r\000i\000s\000e\000r\000\040\000u\000n\000\040\000a\000c\000c\000u\000m\000u\000l\000a\000t\000e\000u\000r\000\040\000o\000u\000\040\000u\000n\000e\000\040\000b\000a\000t\000t\000e\000r\000i\000e}{chapter.2}% 16
\BOOKMARK [2][-]{subsection.2.5.1}{\376\377\000C\000h\000a\000r\000g\000e\000,\000\040\000\311\000n\000e\000r\000g\000i\000e\000\040\000\046\000\040\000P\000u\000i\000s\000s\000a\000n\000c\000e}{section.2.5}% 17
\BOOKMARK [3][-]{subsubsection.2.5.1.1}{\376\377\000D\000\351\000f\000i\000n\000i\000t\000i\000o\000n}{subsection.2.5.1}% 18
\BOOKMARK [3][-]{subsubsection.2.5.1.2}{\376\377\000\311\000t\000a\000t\000\040\000d\000e\000\040\000c\000h\000a\000r\000g\000e}{subsection.2.5.1}% 19
\BOOKMARK [2][-]{subsection.2.5.2}{\376\377\000C\000a\000p\000a\000c\000i\000t\000\351\000\040\000s\000p\000\351\000c\000i\000f\000i\000q\000u\000e\000\040\000\050\000C\000S\000\051}{section.2.5}% 20
\BOOKMARK [3][-]{subsubsection.2.5.2.1}{\376\377\000D\000\351\000f\000i\000n\000i\000t\000i\000o\000n}{subsection.2.5.2}% 21
\BOOKMARK [3][-]{subsubsection.2.5.2.2}{\376\377\000\311\000t\000a\000t\000\040\000d\000e\000\040\000s\000a\000n\000t\000\351\000\040\000\050\000S\000o\000H\000,\000\040\000S\000t\000a\000t\000e\000-\000o\000f\000-\000H\000e\000a\000l\000t\000h\000\051}{subsection.2.5.2}% 22
\BOOKMARK [2][-]{subsection.2.5.3}{\376\377\000Q\000u\000a\000l\000i\000t\000\351\000\040\000d\000e\000\040\000l\000'\000\351\000n\000e\000r\000g\000i\000e\000\040\000s\000t\000o\000c\000k\000\351\000e}{section.2.5}% 23
\BOOKMARK [2][-]{subsection.2.5.4}{\376\377\000\311\000n\000e\000r\000g\000i\000e\000\040\000t\000h\000\351\000o\000r\000i\000q\000u\000e\000\040\000m\000a\000x\000i\000m\000a\000l\000e\000\040\000\050\000E\000T\000M\000\051}{section.2.5}% 24
\BOOKMARK [2][-]{subsection.2.5.5}{\376\377\000C\000y\000c\000l\000a\000b\000i\000l\000i\000t\000\351}{section.2.5}% 25
\BOOKMARK [0][-]{chapter.3}{\376\377\000T\000h\000e\000r\000m\000o\000c\000h\000i\000m\000i\000e\000\040\000\340\000\040\000u\000s\000a\000g\000e\000\040\000d\000a\000n\000s\000\040\000l\000e\000s\000\040\000b\000a\000t\000t\000e\000r\000i\000e\000s}{}% 26
\BOOKMARK [1][-]{section.3.1}{\376\377\000D\000e\000s\000c\000r\000i\000p\000t\000i\000o\000n\000\040\000d\000'\000u\000n\000e\000\040\000t\000r\000a\000n\000s\000f\000o\000r\000m\000a\000t\000i\000o\000n\000\040\000c\000h\000i\000m\000i\000q\000u\000e\000\040\000:\000\040\000l\000e\000\040\000p\000o\000t\000e\000n\000t\000i\000e\000l\000\040\000c\000h\000i\000m\000i\000q\000u\000e}{chapter.3}% 27
\BOOKMARK [2][-]{subsection.3.1.1}{\376\377\000M\000o\000d\000\351\000l\000i\000s\000a\000t\000i\000o\000n\000\040\000d\000u\000\040\000s\000y\000s\000t\000\350\000m\000e\000\040\000t\000h\000e\000r\000m\000o\000d\000y\000n\000a\000m\000i\000q\000u\000e}{section.3.1}% 28
\BOOKMARK [2][-]{subsection.3.1.2}{\376\377\000T\000r\000a\000v\000a\000i\000l\000\040\000c\000h\000i\000m\000i\000q\000u\000e\000\040\000e\000t\000\040\000p\000o\000t\000e\000n\000t\000i\000e\000l\000\040\000c\000h\000i\000m\000i\000q\000u\000e}{section.3.1}% 29
\BOOKMARK [2][-]{subsection.3.1.3}{\376\377\000F\000o\000r\000m\000e\000\040\000d\000i\000f\000f\000\351\000r\000e\000n\000t\000i\000e\000l\000l\000e\000\040\000d\000e\000s\000\040\000f\000o\000n\000c\000t\000i\000o\000n\000s\000\040\000d\000'\000\351\000t\000a\000t}{section.3.1}% 30
\BOOKMARK [2][-]{subsection.3.1.4}{\376\377\000D\000\351\000f\000i\000n\000i\000t\000i\000o\000n\000\040\000i\000n\000t\000\351\000g\000r\000a\000l\000e\000\040\000d\000e\000\040\000l\000'\000e\000n\000t\000h\000a\000l\000p\000i\000e\000\040\000l\000i\000b\000r\000e}{section.3.1}% 31
\BOOKMARK [2][-]{subsection.3.1.5}{\376\377\000R\000e\000l\000a\000t\000i\000o\000n\000\040\000e\000n\000t\000r\000e\000\040\000g\000r\000a\000n\000d\000e\000u\000r\000s\000\040\000d\000e\000\040\000r\000\351\000a\000c\000t\000i\000o\000n\000\040\000e\000t\000\040\000p\000o\000t\000e\000n\000t\000i\000e\000l\000\040\000c\000h\000i\000m\000i\000q\000u\000e}{section.3.1}% 32
\BOOKMARK [1][-]{section.3.2}{\376\377\000E\000x\000p\000r\000e\000s\000s\000i\000o\000n\000,\000\040\000p\000r\000o\000p\000r\000i\000\351\000t\000\351\000s\000\040\000e\000t\000\040\000u\000t\000i\000l\000i\000s\000a\000t\000i\000o\000n\000\040\000d\000u\000\040\000p\000o\000t\000e\000n\000t\000i\000e\000l\000\040\000c\000h\000i\000m\000i\000q\000u\000e}{chapter.3}% 33
\BOOKMARK [2][-]{subsection.3.2.1}{\376\377\000E\000x\000p\000r\000e\000s\000s\000i\000o\000n}{section.3.2}% 34
\BOOKMARK [2][-]{subsection.3.2.2}{\376\377\000R\000\351\000s\000u\000l\000t\000a\000t\000s\000\040\000i\000m\000p\000o\000r\000t\000a\000n\000t\000s}{section.3.2}% 35
\BOOKMARK [3][-]{subsubsection.3.2.2.1}{\376\377\000I\000n\000f\000l\000u\000e\000n\000c\000e\000\040\000d\000e\000\040\000l\000a\000\040\000t\000e\000m\000p\000\351\000r\000a\000t\000u\000r\000e}{subsection.3.2.2}% 36
\BOOKMARK [3][-]{subsubsection.3.2.2.2}{\376\377\000E\000x\000p\000r\000e\000s\000s\000i\000o\000n\000\040\000d\000e\000\040\000l\000'\000e\000n\000t\000h\000a\000l\000p\000i\000e\000\040\000l\000i\000b\000r\000e\000\040\000d\000e\000\040\000r\000\351\000a\000c\000t\000i\000o\000n}{subsection.3.2.2}% 37
\BOOKMARK [2][-]{subsection.3.2.3}{\376\377\000A\000p\000p\000l\000i\000c\000a\000t\000i\000o\000n\000\040\000a\000u\000x\000\040\000b\000a\000t\000t\000e\000r\000i\000e\000s\000\040\000:\000\040\000l\000e\000\040\000t\000r\000a\000n\000s\000f\000e\000r\000t\000\040\000d\000e\000\040\000p\000h\000a\000s\000e}{section.3.2}% 38
\BOOKMARK [3][-]{subsubsection.3.2.3.1}{\376\377\000\311\000t\000u\000d\000e\000\040\000d\000e\000\040\000l\000'\000\351\000q\000u\000i\000l\000i\000b\000r\000e\000\040\000c\000h\000i\000m\000i\000q\000u\000e}{subsection.3.2.3}% 39
\BOOKMARK [3][-]{subsubsection.3.2.3.2}{\376\377\000C\000o\000n\000s\000\351\000q\000u\000e\000n\000c\000e}{subsection.3.2.3}% 40
\BOOKMARK [1][-]{section.3.3}{\376\377\000T\000r\000a\000v\000a\000i\000l\000\040\000\351\000l\000e\000c\000t\000r\000i\000q\000u\000e}{chapter.3}% 41
\BOOKMARK [2][-]{subsection.3.3.1}{\376\377\000D\000\351\000f\000i\000n\000i\000t\000i\000o\000n}{section.3.3}% 42
\BOOKMARK [2][-]{subsection.3.3.2}{\376\377\000R\000e\000l\000a\000t\000i\000o\000n\000\040\000\340\000\040\000l\000'\000e\000n\000t\000h\000a\000l\000p\000i\000e\000\040\000l\000i\000b\000r\000e}{section.3.3}% 43
\BOOKMARK [1][-]{section.3.4}{\376\377\000R\000\351\000a\000c\000t\000i\000o\000n\000\040\000f\000i\000c\000t\000i\000v\000e\000\040\000d\000'\000u\000n\000e\000\040\000c\000e\000l\000l\000u\000l\000e\000\040\000\351\000l\000e\000c\000t\000r\000o\000c\000h\000i\000m\000i\000q\000u\000e\000\040\000e\000t\000\040\000f\000o\000r\000c\000e\000\040\000\351\000l\000e\000c\000t\000r\000o\000m\000o\000t\000r\000i\000c\000e}{chapter.3}% 44
\BOOKMARK [2][-]{subsection.3.4.1}{\376\377\000R\000e\000l\000a\000t\000i\000o\000n\000\040\000e\000n\000t\000r\000e\000\040\000l\000'\000e\000n\000t\000h\000a\000l\000p\000i\000e\000\040\000d\000e\000\040\000r\000\351\000a\000c\000t\000i\000o\000n\000\040\000e\000t\000\040\000l\000a\000\040\000f\000.\000e\000.\000m\000.}{section.3.4}% 45
\BOOKMARK [2][-]{subsection.3.4.2}{\376\377\000R\000e\000l\000a\000t\000i\000o\000n\000\040\000e\000n\000t\000r\000e\000\040\000f\000.\000e\000.\000m\000.\000\040\000e\000t\000\040\000g\000r\000a\000n\000d\000e\000u\000r\000s\000\040\000d\000e\000\040\000r\000\351\000f\000\351\000r\000e\000n\000c\000e}{section.3.4}% 46
\BOOKMARK [3][-]{subsubsection.3.4.2.1}{\376\377\000U\000t\000i\000l\000i\000s\000a\000t\000i\000o\000n\000\040\000d\000e\000\040\000l\000a\000\040\000l\000o\000i\000\040\000d\000e\000\040\000H\000e\000s\000s}{subsection.3.4.2}% 47
\BOOKMARK [3][-]{subsubsection.3.4.2.2}{\376\377\000\311\000t\000u\000d\000e\000\040\000d\000e\000\040\000l\000'\000i\000n\000f\000l\000u\000e\000n\000c\000e\000\040\000d\000e\000\040\000l\000a\000\040\000t\000e\000m\000p\000\351\000r\000a\000t\000u\000r\000e}{subsection.3.4.2}% 48
\BOOKMARK [2][-]{subsection.3.4.3}{\376\377\000D\000'\000o\000\371\000\040\000v\000i\000e\000n\000t\000\040\000l\000a\000\040\000r\000e\000l\000a\000t\000i\000o\000n\000\040\000d\000e\000\040\000N\000e\000r\000n\000s\000t\000\040\000?}{section.3.4}% 49
\BOOKMARK [0][-]{chapter.4}{\376\377\000F\000o\000r\000c\000e\000\040\000\351\000l\000e\000c\000t\000r\000o\000m\000o\000t\000r\000i\000c\000e\000\040\000\046\000\040\000r\000e\000l\000a\000t\000i\000o\000n\000\040\000a\000u\000x\000\040\000m\000a\000t\000\351\000r\000i\000a\000u\000x}{}% 50
\BOOKMARK [1][-]{section.4.1}{\376\377\000Q\000u\000e\000l\000l\000e\000s\000\040\000i\000n\000f\000o\000r\000m\000a\000t\000i\000o\000n\000s\000\040\000p\000e\000u\000t\000-\000o\000n\000\040\000t\000i\000r\000e\000r\000\040\000d\000e\000\040\000l\000'\000\351\000t\000u\000d\000e\000\040\000d\000e\000\040\000l\000a\000\040\000f\000.\000e\000.\000m\000.\000\040\000?}{chapter.4}% 51
\BOOKMARK [2][-]{subsection.4.1.1}{\376\377\000T\000i\000t\000r\000a\000g\000e\000\040\000c\000o\000u\000l\000o\000m\000\351\000t\000r\000i\000q\000u\000e}{section.4.1}% 52
\BOOKMARK [3][-]{subsubsection.4.1.1.1}{\376\377\000P\000r\000i\000n\000c\000i\000p\000e\000\040\000d\000e\000\040\000l\000a\000\040\000t\000e\000c\000h\000n\000i\000q\000u\000e}{subsection.4.1.1}% 53
\BOOKMARK [3][-]{subsubsection.4.1.1.2}{\376\377\000\311\000v\000o\000l\000u\000t\000i\000o\000n\000\040\000d\000e\000\040\000l\000a\000\040\000q\000u\000a\000n\000t\000i\000t\000\351\000\040\000d\000e\000\040\000A\000\040\000d\000a\000n\000s\000\040\000B}{subsection.4.1.1}% 54
\BOOKMARK [2][-]{subsection.4.1.2}{\376\377\000V\000a\000r\000i\000a\000t\000i\000o\000n\000\040\000d\000e\000\040\000f\000.\000e\000.\000m\000.\000\040\000e\000t\000\040\000v\000a\000r\000i\000a\000n\000c\000e}{section.4.1}% 55
\BOOKMARK [3][-]{subsubsection.4.1.2.1}{\376\377\000R\000a\000p\000p\000e\000l\000\040\000s\000u\000r\000\040\000l\000a\000\040\000v\000a\000r\000i\000a\000n\000c\000e\000\040\000e\000t\000\040\000s\000y\000s\000t\000\350\000m\000e\000\040\000m\000u\000l\000t\000i\000p\000h\000a\000s\000\351}{subsection.4.1.2}% 56
\BOOKMARK [3][-]{subsubsection.4.1.2.2}{\376\377\000I\000n\000t\000e\000r\000p\000r\000e\000t\000a\000t\000i\000o\000n\000\040\000d\000e\000s\000\040\000c\000o\000u\000r\000b\000e\000s\000\040\000d\000e\000\040\000t\000i\000t\000r\000a\000g\000e}{subsection.4.1.2}% 57
\BOOKMARK [1][-]{section.4.2}{\376\377\000\311\000t\000u\000d\000e\000\040\000d\000e\000\040\000l\000a\000\040\000f\000o\000r\000c\000e\000\040\000\351\000l\000e\000c\000t\000r\000o\000m\000o\000t\000r\000i\000c\000e\000\040\000d\000'\000u\000n\000\040\000s\000y\000s\000t\000\350\000m\000e\000\040\000s\000i\000m\000p\000l\000e\000\040\000L\000i\000|\000|\000S\000b}{chapter.4}% 58
\BOOKMARK [2][-]{subsection.4.2.1}{\376\377\000I\000n\000t\000e\000r\000p\000r\000\351\000t\000a\000t\000i\000o\000n\000\040\000d\000e\000\040\000l\000a\000\040\000c\000o\000u\000r\000b\000e\000\040\000d\000e\000\040\000t\000i\000t\000r\000a\000g\000e\000\040\000c\000o\000u\000l\000o\000m\000\351\000t\000r\000i\000q\000u\000e}{section.4.2}% 59
\BOOKMARK [3][-]{subsubsection.4.2.1.1}{\376\377\000I\000d\000e\000n\000t\000i\000f\000i\000c\000a\000t\000i\000o\000n\000\040\000d\000e\000s\000\040\000p\000h\000a\000s\000e\000s}{subsection.4.2.1}% 60
\BOOKMARK [3][-]{subsubsection.4.2.1.2}{\376\377\000\311\000t\000u\000d\000e\000\040\000d\000e\000\040\000l\000a\000\040\000f\000.\000e\000.\000m\000.}{subsection.4.2.1}% 61
\BOOKMARK [2][-]{subsection.4.2.2}{\376\377\000E\000s\000t\000i\000m\000a\000t\000i\000o\000n\000\040\000d\000e\000s\000\040\000p\000a\000r\000a\000m\000\350\000t\000r\000e\000s}{section.4.2}% 62
\BOOKMARK [3][-]{subsubsection.4.2.2.1}{\376\377\000C\000a\000p\000a\000c\000i\000t\000\351\000\040\000s\000p\000\351\000c\000i\000f\000i\000q\000u\000e\000\040\000m\000a\000s\000s\000i\000q\000u\000e}{subsection.4.2.2}% 63
\BOOKMARK [3][-]{subsubsection.4.2.2.2}{\376\377\000E\000n\000e\000r\000g\000i\000e\000\040\000t\000h\000\351\000o\000r\000i\000q\000u\000e\000\040\000m\000a\000x\000i\000m\000a\000l\000e}{subsection.4.2.2}% 64
\BOOKMARK [1][-]{section.4.3}{\376\377\000\311\000t\000u\000d\000e\000\040\000d\000e\000\040\000l\000a\000\040\000f\000o\000r\000c\000e\000\040\000\351\000l\000e\000c\000t\000r\000o\000m\000o\000t\000r\000i\000c\000e\000\040\000d\000'\000u\000n\000\040\000s\000y\000s\000t\000\350\000m\000e\000\040\000c\000o\000m\000p\000l\000e\000x\000e}{chapter.4}% 65
\BOOKMARK [2][-]{subsection.4.3.1}{\376\377\000S\000y\000s\000t\000\350\000m\000e\000s\000\040\000t\000e\000r\000n\000a\000i\000r\000e\000s}{section.4.3}% 66
\BOOKMARK [2][-]{subsection.4.3.2}{\376\377\000\311\000t\000u\000d\000e\000\040\000e\000t\000\040\000e\000x\000p\000l\000o\000i\000t\000a\000t\000i\000o\000n\000\040\000d\000e\000s\000\040\000d\000i\000a\000g\000r\000a\000m\000m\000e\000s\000\040\000t\000e\000r\000n\000a\000i\000r\000e\000s}{section.4.3}% 67
\BOOKMARK [2][-]{subsection.4.3.3}{\376\377\000I\000n\000t\000e\000r\000p\000r\000\351\000t\000a\000t\000i\000o\000n\000\040\000t\000h\000e\000r\000m\000o\000d\000y\000n\000a\000m\000i\000q\000u\000e\000\040\000d\000e\000\040\000l\000a\000\040\000s\000t\000a\000b\000i\000l\000i\000t\000\351\000\040\000d\000e\000s\000\040\000o\000x\000y\000d\000e\000s\000\040\000l\000i\000t\000h\000i\000\351\000s\000\040\000e\000t\000\040\000n\000o\000n\000\040\000l\000i\000t\000h\000i\000\351\000s}{section.4.3}% 68
\BOOKMARK [3][-]{subsubsection.4.3.3.1}{\376\377\000D\000i\000a\000g\000r\000a\000m\000m\000e\000\040\000d\000'\000E\000l\000l\000i\000n\000g\000h\000a\000m\000\040\000:\000\040\000u\000n\000e\000\040\000f\000a\000\347\000o\000n\000\040\000d\000e\000\040\000c\000l\000a\000s\000s\000e\000r\000\040\000t\000h\000e\000r\000m\000o\000d\000y\000n\000a\000m\000i\000q\000u\000e\000m\000e\000n\000t\000\040\000l\000a\000\040\000s\000t\000a\000b\000i\000l\000i\000t\000\351\000\040\000d\000e\000s\000\040\000o\000x\000y\000d\000e\000s\000\040\000m\000\351\000t\000a\000l\000l\000i\000q\000u\000e\000s}{subsection.4.3.3}% 69
\BOOKMARK [3][-]{subsubsection.4.3.3.2}{\376\377\000Q\000u\000e\000l\000q\000u\000e\000s\000\040\000m\000o\000t\000s\000\040\000s\000u\000r\000\040\000l\000a\000\040\000r\000e\000l\000a\000t\000i\000o\000n\000\040\000e\000n\000t\000r\000e\000\040\000f\000o\000r\000c\000e\000\040\000\351\000l\000e\000c\000t\000r\000o\000m\000o\000t\000r\000i\000c\000e\000\040\000e\000t\000\040\000d\000i\000a\000g\000r\000a\000m\000m\000e\000\040\000d\000'\000E\000l\000l\000i\000n\000g\000h\000a\000m}{subsection.4.3.3}% 70
\BOOKMARK [1][-]{section.4.4}{\376\377\000\311\000c\000a\000r\000t\000\040\000\340\000\040\000l\000a\000\040\000t\000h\000e\000r\000m\000o\000d\000y\000n\000a\000m\000i\000q\000u\000e\000\040\000:\000\040\000l\000e\000s\000\040\000c\000o\000u\000r\000b\000e\000s\000\040\000d\000e\000\040\000c\000h\000a\000r\000g\000e\000\040\000-\000\040\000d\000\351\000c\000h\000a\000r\000g\000e}{chapter.4}% 71
\BOOKMARK [2][-]{subsection.4.4.1}{\376\377\000O\000r\000i\000g\000i\000n\000e\000\040\000d\000e\000\040\000l\000'\000h\000y\000s\000t\000\351\000r\000\350\000s\000e}{section.4.4}% 72
\BOOKMARK [2][-]{subsection.4.4.2}{\376\377\000I\000n\000f\000l\000u\000e\000n\000c\000e\000\040\000d\000e\000\040\000l\000a\000\040\000v\000i\000t\000e\000s\000s\000e\000\040\000d\000e\000\040\000c\000h\000a\000r\000g\000e}{section.4.4}% 73
\BOOKMARK [0][-]{chapter.5}{\376\377\000P\000r\000o\000p\000r\000i\000\351\000t\000\351\000s\000\040\000\351\000l\000\350\000m\000e\000n\000t\000a\000i\000r\000e\000s\000\040\000d\000u\000\040\000l\000i\000t\000h\000i\000u\000m}{}% 74
\BOOKMARK [1][-]{section.5.1}{\376\377\000\300\000\040\000l\000'\000\351\000c\000h\000e\000l\000l\000e\000\040\000a\000t\000o\000m\000i\000q\000u\000e\040\046}{chapter.5}% 75
\BOOKMARK [2][-]{subsection.5.1.1}{\376\377\000P\000r\000o\000p\000r\000i\000\351\000t\000\351\000s\000\040\000c\000o\000r\000p\000s\000\040\000p\000u\000r\000s}{section.5.1}% 76
\BOOKMARK [3][-]{subsubsection.5.1.1.1}{\376\377\000D\000e\000n\000s\000i\000t\000\351\000\040\000e\000t\000\040\000m\000a\000s\000s\000e\000\040\000v\000o\000l\000u\000m\000i\000q\000u\000e}{subsection.5.1.1}% 77
\BOOKMARK [3][-]{subsubsection.5.1.1.2}{\376\377\000T\000e\000m\000p\000\351\000r\000a\000t\000u\000r\000e\000\040\000d\000e\000\040\000f\000u\000s\000i\000o\000n\000\040\000e\000t\000\040\000d\000'\000\351\000b\000u\000l\000l\000i\000t\000i\000o\000n}{subsection.5.1.1}% 78
\BOOKMARK [3][-]{subsubsection.5.1.1.3}{\376\377\000D\000u\000r\000e\000t\000\351}{subsection.5.1.1}% 79
\BOOKMARK [3][-]{subsubsection.5.1.1.4}{\376\377\000R\000a\000y\000o\000n\000\040\000d\000e\000\040\000c\000o\000v\000a\000l\000e\000n\000c\000e\000,\000\040\000i\000o\000n\000i\000q\000u\000e\000\040\000e\000t\000\040\000m\000\351\000t\000a\000l\000l\000i\000q\000u\000e}{subsection.5.1.1}% 80
\BOOKMARK [2][-]{subsection.5.1.2}{\376\377\000P\000r\000o\000p\000r\000i\000\351\000t\000\351\000s\000\040\000d\000\351\000r\000i\000v\000a\000n\000t\000\040\000d\000e\000\040\000l\000'\000\351\000n\000e\000r\000g\000i\000e}{section.5.1}% 81
\BOOKMARK [3][-]{subsubsection.5.1.2.1}{\376\377\000P\000o\000t\000e\000n\000t\000i\000e\000l\000\040\000d\000'\000i\000o\000n\000i\000s\000a\000t\000i\000o\000n\000\040\000e\000t\000\040\000a\000f\000f\000i\000n\000i\000t\000\351\000\040\000\351\000l\000e\000c\000t\000r\000o\000n\000i\000q\000u\000e}{subsection.5.1.2}% 82
\BOOKMARK [3][-]{subsubsection.5.1.2.2}{\376\377\000\311\000l\000e\000c\000t\000r\000o\000n\000\351\000g\000a\000t\000i\000v\000i\000t\000\351\000\040\000:\000\040\000a\000f\000f\000i\000n\000i\000t\000\351\000\040\000d\000e\000s\000\040\000\351\000l\000e\000m\000e\000n\000t\000s\000\040\000a\000u\000x\000\040\000\351\000l\000e\000c\000t\000r\000o\000n\000s}{subsection.5.1.2}% 83
\BOOKMARK [1][-]{section.5.2}{\376\377\000P\000r\000o\000p\000r\000i\000\351\000t\000\351\000s\000\040\000r\000\351\000d\000o\000x\000\040\000:\000\040\000l\000e\000\040\000p\000o\000u\000v\000o\000i\000r\000\040\000r\000\351\000d\000u\000c\000t\000e\000u\000r\000\040\000d\000u\000\040\000l\000i\000t\000h\000i\000u\000m}{chapter.5}% 84
\BOOKMARK [2][-]{subsection.5.2.1}{\376\377\000P\000o\000t\000e\000n\000t\000i\000e\000l\000\040\000r\000\351\000d\000o\000x\000\040\000s\000t\000a\000n\000d\000a\000r\000d}{section.5.2}% 85
\BOOKMARK [2][-]{subsection.5.2.2}{\376\377\000C\000o\000m\000p\000r\000e\000n\000d\000r\000e\000\040\000l\000'\000a\000n\000o\000m\000a\000l\000i\000e\000\040\000r\000\351\000d\000o\000x\000\040\000d\000u\000\040\000l\000i\000t\000h\000i\000u\000m}{section.5.2}% 86
\BOOKMARK [2][-]{subsection.5.2.3}{\376\377\000I\000m\000p\000o\000r\000t\000a\000n\000c\000e\000\040\000d\000e\000\040\000l\000a\000\040\000s\000o\000l\000v\000a\000t\000a\000t\000i\000o\000n\000\040\000d\000a\000n\000s\000\040\000l\000e\000s\000\040\000p\000r\000o\000p\000r\000i\000\351\000t\000\351\000s\000\040\000d\000u\000\040\000l\000i\000t\000h\000i\000u\000m}{section.5.2}% 87
\BOOKMARK [3][-]{subsubsection.5.2.3.1}{\376\377\000R\000a\000y\000o\000n\000\040\000d\000e\000\040\000c\000a\000v\000i\000t\000\351\000/\000h\000y\000d\000r\000o\000d\000y\000n\000a\000m\000i\000q\000u\000e}{subsection.5.2.3}% 88
\BOOKMARK [3][-]{subsubsection.5.2.3.2}{\376\377\000C\000o\000o\000r\000d\000i\000n\000a\000t\000i\000o\000n}{subsection.5.2.3}% 89
\BOOKMARK [1][-]{section.5.3}{\376\377\000D\000e\000\040\000l\000'\000a\000t\000o\000m\000e\000\040\000a\000u\000x\000\040\000m\000a\000t\000\351\000r\000i\000a\000u\000x}{chapter.5}% 90
\BOOKMARK [2][-]{subsection.5.3.1}{\376\377\000L\000e\000\040\000l\000i\000t\000h\000i\000u\000m\000\040\000a\000u\000\040\000s\000e\000i\000n\000\040\000d\000'\000u\000n\000\040\000m\000a\000t\000\351\000r\000i\000a\000u\000\040\000h\000\364\000t\000e}{section.5.3}% 91
\BOOKMARK [3][-]{subsubsection.5.3.1.1}{\376\377\000T\000o\000p\000o\000l\000o\000g\000i\000e\000\040\000d\000e\000s\000\040\000m\000a\000t\000\351\000r\000i\000a\000u\000x\000\040\000d\000'\000i\000n\000s\000e\000r\000t\000i\000o\000n\000\040\000:\000\040\000l\000a\000\040\000d\000i\000m\000e\000n\000s\000i\000o\000n\000\040\000d\000e\000s\000\040\000m\000a\000t\000\351\000r\000i\000a\000u\000x}{subsection.5.3.1}% 92
\BOOKMARK [3][-]{subsubsection.5.3.1.2}{\376\377\000E\000n\000v\000i\000r\000o\000n\000n\000e\000m\000e\000n\000t\000\040\000c\000h\000i\000m\000i\000q\000u\000e\000\040\000d\000u\000\040\000l\000i\000t\000h\000i\000u\000m\000\040\000i\000n\000s\000\351\000r\000\351}{subsection.5.3.1}% 93
\BOOKMARK [2][-]{subsection.5.3.2}{\376\377\000S\000t\000a\000b\000i\000l\000i\000t\000\351\000\040\000d\000e\000\040\000l\000a\000\040\000s\000t\000r\000u\000c\000t\000u\000r\000e\000\040\000h\000\364\000t\000e\000\040\000e\000t\000\040\000t\000r\000a\000n\000s\000i\000t\000i\000o\000n\000\040\000d\000e\000\040\000p\000h\000a\000s\000e}{section.5.3}% 94
\BOOKMARK [3][-]{subsubsection.5.3.2.1}{\376\377\000S\000t\000a\000b\000i\000l\000i\000s\000a\000t\000i\000o\000n\000\040\000d\000'\000u\000n\000e\000\040\000c\000h\000a\000r\000p\000e\000n\000t\000e\000\040\000m\000o\000l\000\351\000c\000u\000l\000a\000i\000r\000e}{subsection.5.3.2}% 95
\BOOKMARK [3][-]{subsubsection.5.3.2.2}{\376\377\000I\000n\000t\000e\000r\000p\000r\000\351\000t\000a\000t\000i\000o\000n\000\040\000d\000e\000\040\000l\000a\000\040\000s\000t\000a\000b\000i\000l\000i\000t\000\351\000\040\000d\000e\000s\000\040\000l\000i\000a\000i\000s\000o\000n\000s\000\040\000c\000h\000i\000m\000i\000q\000u\000e\000s}{subsection.5.3.2}% 96
\BOOKMARK [2][-]{subsection.5.3.3}{\376\377\000D\000i\000f\000f\000u\000s\000i\000o\000n\000\040\000d\000u\000\040\000L\000i\000\040\000a\000u\000\040\000s\000e\000i\000n\000\040\000d\000'\000u\000n\000\040\000h\000\364\000t\000e\000\040\000e\000t\000\040\000s\000t\000a\000b\000i\000l\000i\000t\000\351\000\040\000t\000h\000e\000r\000m\000o\000d\000y\000n\000a\000m\000i\000q\000u\000e}{section.5.3}% 97
\BOOKMARK [3][-]{subsubsection.5.3.3.1}{\376\377\000T\000y\000p\000e\000\040\000d\000e\000\040\000d\000i\000f\000f\000u\000s\000i\000o\000n\000\040\000e\000t\000\040\000s\000t\000a\000b\000i\000l\000i\000t\000\351\000\040\000d\000e\000s\000\040\000s\000i\000t\000e\000s}{subsection.5.3.3}% 98
\BOOKMARK [3][-]{subsubsection.5.3.3.2}{\376\377\000S\000t\000a\000b\000i\000l\000i\000t\000\351\000\040\000e\000t\000\040\000t\000r\000a\000n\000s\000i\000t\000i\000o\000n\000\040\000d\000e\000\040\000p\000h\000a\000s\000e\000\040\000:\000\040\000r\000e\000l\000a\000t\000i\000o\000n\000\040\000a\000u\000x\000\040\000c\000o\000u\000r\000b\000e\000s\000\040\000d\000e\000\040\000t\000i\000t\000r\000a\000g\000e\000\040\000c\000o\000u\000l\000o\000m\000\351\000t\000r\000i\000q\000u\000e}{subsection.5.3.3}% 99
\BOOKMARK [1][-]{section.5.4}{\376\377\000R\000e\000l\000a\000t\000i\000o\000n\000\040\000e\000n\000t\000r\000e\000\040\000s\000t\000r\000u\000c\000t\000u\000r\000e\000\040\000c\000r\000i\000s\000t\000a\000l\000l\000o\000g\000r\000a\000p\000h\000i\000q\000u\000e\000\040\000e\000t\000\040\000t\000r\000a\000n\000s\000f\000e\000r\000t\000\040\000d\000e\000s\000\040\000\351\000l\000e\000c\000t\000r\000o\000n\000s}{chapter.5}% 100
\BOOKMARK [2][-]{subsection.5.4.1}{\376\377\000F\000o\000r\000m\000a\000l\000i\000s\000m\000e\000\040\000s\000i\000m\000p\000l\000i\000f\000i\000\351\000\040\000d\000e\000\040\000l\000a\000\040\000t\000h\000\351\000o\000r\000i\000e\000\040\000d\000e\000s\000\040\000b\000a\000n\000d\000e\000s}{section.5.4}% 101
\BOOKMARK [3][-]{subsubsection.5.4.1.1}{\376\377\000C\000o\000n\000s\000t\000r\000u\000c\000t\000i\000o\000n\000\040\000d\000u\000\040\000m\000o\000d\000\350\000l\000e}{subsection.5.4.1}% 102
\BOOKMARK [3][-]{subsubsection.5.4.1.2}{\376\377\000M\000o\000d\000\350\000l\000e\000\040\000d\000e\000s\000\040\000b\000a\000n\000d\000e\000s\000\040\000a\000u\000\040\000c\001\123\000u\000r\000\040\000d\000e\000s\000\040\000t\000r\000a\000n\000s\000f\000e\000r\000t\000s\000\040\000r\000\351\000d\000o\000x}{subsection.5.4.1}% 103
\BOOKMARK [3][-]{subsubsection.5.4.1.3}{\376\377\000A\000u\000t\000r\000e\000s\000\040\000g\000r\000a\000n\000d\000e\000u\000r\000s\000\040\000d\000u\000\040\000m\000o\000d\000\350\000l\000e\000\040\000d\000e\000s\000\040\000b\000a\000n\000d\000e\000s}{subsection.5.4.1}% 104
\BOOKMARK [2][-]{subsection.5.4.2}{\376\377\000C\000o\000m\000p\000r\000e\000n\000d\000r\000e\000\040\000l\000e\000s\000\040\000b\000a\000n\000d\000e\000s\000\040\000a\000u\000\040\000s\000e\000i\000n\000\040\000d\000e\000s\000\040\000o\000x\000y\000d\000e\000s\000\040\000e\000t\000\040\000d\000\351\000r\000i\000v\000\351\000s}{section.5.4}% 105
\BOOKMARK [3][-]{subsubsection.5.4.2.1}{\376\377\000M\000o\000d\000\350\000l\000e\000\040\000d\000e\000\040\000b\000a\000n\000d\000e\000\040\000e\000n\000\040\000s\000u\000p\000p\000o\000s\000a\000n\000t\000\040\000u\000n\000e\000\040\000l\000i\000a\000i\000s\000o\000n\000\040\000p\000u\000r\000e\000m\000e\000n\000t\000\040\000i\000o\000n\000i\000q\000u\000e}{subsection.5.4.2}% 106
\BOOKMARK [3][-]{subsubsection.5.4.2.2}{\376\377\000M\000o\000d\000\350\000l\000e\000\040\000d\000e\000\040\000b\000a\000n\000d\000e\000\040\000e\000n\000\040\000s\000u\000p\000p\000o\000s\000a\000n\000t\000\040\000u\000n\000e\000\040\000l\000i\000a\000i\000s\000o\000n\000\040\000i\000o\000n\000o\000-\000c\000o\000v\000a\000l\000e\000n\000t\000e\000,\000\040\000f\000a\000i\000b\000l\000e\000m\000e\000n\000t\000\040\000c\000o\000v\000a\000l\000e\000n\000t\000e}{subsection.5.4.2}% 107
\BOOKMARK [2][-]{subsection.5.4.3}{\376\377\000"\000M\000a\000n\000i\000p\000u\000l\000e\000r\000"\000\040\000l\000e\000s\000\040\000b\000a\000n\000d\000e\000s\000\040\000q\000u\000a\000n\000d\000\040\000o\000n\000\040\000e\000s\000t\000\040\000c\000h\000i\000m\000i\000s\000t\000e}{section.5.4}% 108
\BOOKMARK [3][-]{subsubsection.5.4.3.1}{\376\377\000R\000\351\000d\000o\000x\000\040\000c\000l\000a\000s\000s\000i\000q\000u\000e\000\040\000v\000e\000r\000s\000u\000s\000\040\000r\000\351\000d\000o\000x\000\040\000i\000n\000t\000e\000r\000n\000e}{subsection.5.4.3}% 109
\BOOKMARK [3][-]{subsubsection.5.4.3.2}{\376\377\000S\000u\000b\000s\000t\000i\000t\000u\000t\000i\000o\000n}{subsection.5.4.3}% 110
\BOOKMARK [0][-]{chapter.6}{\376\377\000E\000x\000p\000l\000o\000r\000e\000r\000\040\000t\000o\000u\000s\000\040\000l\000e\000s\000\040\000p\000o\000s\000s\000i\000b\000l\000e\000s\000\040\000:\000\040\000"\000d\000e\000s\000i\000g\000n\000e\000r\000"\000\040\000u\000n\000\040\000m\000a\000t\000\351\000r\000i\000a\000u\000\040\000d\000'\000\351\000l\000e\000c\000t\000r\000o\000d\000e\000\040\000q\000u\000a\000n\000d\000\040\000o\000n\000\040\000e\000s\000t\000\040\000c\000h\000i\000m\000i\000s\000t\000e\000\040\000!}{}% 111
\BOOKMARK [1][-]{section.6.1}{\376\377\000P\000a\000r\000a\000m\000\350\000t\000r\000e\000s\000\040\000d\000'\000o\000p\000t\000i\000m\000i\000s\000a\000t\000i\000o\000n\000\040\000d\000e\000s\000\040\000c\000h\000i\000m\000i\000s\000t\000e\000s}{chapter.6}% 112
\BOOKMARK [2][-]{subsection.6.1.1}{\376\377\000S\000u\000b\000s\000t\000i\000t\000u\000t\000i\000o\000n\000\040\000c\000a\000t\000i\000o\000n\000i\000q\000u\000e\000\040\000:\000\040\000q\000u\000e\000l\000s\000\040\000c\000a\000t\000i\000o\000n\000s\000\040\000?}{section.6.1}% 113
\BOOKMARK [3][-]{subsubsection.6.1.1.1}{\376\377\000A\000m\000\351\000l\000i\000o\000r\000a\000t\000i\000o\000n\000\040\000d\000e\000s\000\040\000p\000e\000r\000f\000o\000r\000m\000a\000n\000c\000e\000s\000\040\000e\000n\000\040\000t\000e\000n\000s\000i\000o\000n}{subsection.6.1.1}% 114
\BOOKMARK [3][-]{subsubsection.6.1.1.2}{\376\377\000I\000m\000p\000a\000c\000t\000\040\000s\000u\000r\000\040\000l\000a\000\040\000c\000a\000p\000a\000c\000i\000t\000\351\000\040\000m\000a\000s\000s\000i\000q\000u\000e}{subsection.6.1.1}% 115
\BOOKMARK [2][-]{subsection.6.1.2}{\376\377\000S\000u\000b\000s\000t\000i\000t\000u\000t\000i\000o\000n\000\040\000a\000n\000i\000o\000n\000i\000q\000u\000e\000\040\000:\000\040\000q\000u\000e\000l\000s\000\040\000a\000n\000i\000o\000n\000s\000\040\000?}{section.6.1}% 116
\BOOKMARK [3][-]{subsubsection.6.1.2.1}{\376\377\000I\000n\000f\000l\000u\000e\000n\000c\000e\000\040\000d\000e\000s\000\040\000a\000n\000i\000o\000n\000s\000\040\000s\000i\000m\000p\000l\000e\000\040\000s\000u\000r\000\040\000l\000e\000\040\000d\000e\000g\000r\000\351\000\040\000d\000'\000o\000x\000y\000d\000a\000t\000i\000o\000n\000\040\000d\000e\000s\000\040\000m\000\351\000t\000a\000u\000x}{subsection.6.1.2}% 117
\BOOKMARK [3][-]{subsubsection.6.1.2.2}{\376\377\000E\000x\000a\000c\000e\000r\000b\000e\000r\000\040\000l\000'\000i\000o\000n\000i\000c\000i\000t\000\351\000\040\000p\000a\000r\000\040\000l\000'\000u\000t\000i\000l\000i\000s\000a\000t\000i\000o\000n\000\040\000d\000e\000\040\000p\000o\000l\000y\000\350\000d\000r\000e\000s\000\040\000a\000n\000i\000o\000n\000i\000q\000u\000e\000s}{subsection.6.1.2}% 118
\BOOKMARK [2][-]{subsection.6.1.3}{\376\377\000C\000h\000o\000i\000x\000\040\000d\000e\000\040\000l\000a\000\040\000s\000t\000r\000u\000c\000t\000u\000r\000e\000\040\000:\000\040\000p\000e\000r\000f\000o\000r\000m\000a\000n\000c\000e\000s\000\040\000u\000s\000u\000e\000l\000l\000e\000s\000\040\000d\000e\000s\000\040\000s\000t\000r\000u\000c\000t\000u\000r\000e\000s\000\040\000c\000o\000m\000m\000u\000n\000e\000s}{section.6.1}% 119
\BOOKMARK [3][-]{subsubsection.6.1.3.1}{\376\377\000I\000n\000f\000l\000u\000e\000n\000c\000e\000\040\000s\000u\000r\000\040\000l\000e\000\040\000p\000o\000t\000e\000n\000t\000i\000e\000l\000\040\000d\000'\000\351\000l\000e\000c\000t\000r\000o\000d\000e\000\040\000m\000o\000y\000e\000n\000\040\000d\000e\000\040\000l\000a\000\040\000c\000e\000l\000l\000u\000l\000e}{subsection.6.1.3}% 120
\BOOKMARK [3][-]{subsubsection.6.1.3.2}{\376\377\000I\000n\000f\000l\000u\000e\000n\000c\000e\000\040\000d\000e\000\040\000l\000a\000\040\000c\000o\000m\000p\000o\000s\000i\000t\000i\000o\000n\000\040\000e\000n\000\040\000L\000i\000\040\000s\000u\000r\000\040\000l\000e\000\040\000p\000o\000t\000e\000n\000t\000i\000e\000l\000\040\000d\000'\000\351\000l\000e\000c\000t\000r\000o\000d\000e}{subsection.6.1.3}% 121
\BOOKMARK [1][-]{section.6.2}{\376\377\000O\000p\000t\000i\000m\000i\000s\000a\000t\000i\000o\000n\000\040\000d\000e\000s\000\040\000s\000y\000s\000t\000\350\000m\000e\000s\000\040\000l\000a\000m\000e\000l\000l\000a\000i\000r\000e\000s\000\040\000p\000a\000r\000\040\000u\000n\000e\000\040\000a\000p\000p\000r\000o\000c\000h\000e\000\040\000d\000\351\000d\000u\000c\000t\000i\000v\000e}{chapter.6}% 122
\BOOKMARK [2][-]{subsection.6.2.1}{\376\377\000M\000a\000t\000\351\000r\000i\000a\000u\000x\000\040\000d\000e\000\040\000d\000\351\000p\000a\000r\000t\000\040\000:\000\040\000l\000e\000\040\000p\000\364\000l\000e\000\040\000C\000o}{section.6.2}% 123
\BOOKMARK [2][-]{subsection.6.2.2}{\376\377\000S\000t\000a\000b\000i\000l\000i\000s\000e\000r\000\040\000l\000e\000s\000\040\000s\000y\000s\000t\000\350\000m\000e\000s\000\040\000l\000a\000m\000e\000l\000l\000a\000i\000r\000e\000s\000\040\000:\000\040\000q\000u\000e\000l\000s\000\040\000m\000\351\000t\000a\000u\000x\000\040\000?}{section.6.2}% 124
\BOOKMARK [2][-]{subsection.6.2.3}{\376\377\000\311\000t\000u\000d\000e\000\040\000d\000e\000s\000\040\000p\000\364\000l\000e\000s}{section.6.2}% 125
\BOOKMARK [3][-]{subsubsection.6.2.3.1}{\376\377\000E\000t\000u\000d\000e\000\040\000d\000u\000\040\000p\000\364\000l\000e\000\040\000N\000i}{subsection.6.2.3}% 126
\BOOKMARK [3][-]{subsubsection.6.2.3.2}{\376\377\000\311\000t\000u\000d\000e\000\040\000d\000u\000\040\000p\000\364\000l\000e\000\040\000M\000n}{subsection.6.2.3}% 127
\BOOKMARK [1][-]{section.6.3}{\376\377\000B\000i\000l\000a\000n}{chapter.6}% 128
\BOOKMARK [0][-]{appendix.A}{\376\377\000R\000a\000p\000p\000e\000l\000s\000\040\000d\000e\000\040\000t\000h\000e\000r\000m\000o\000d\000y\000n\000a\000m\000i\000q\000u\000e}{}% 129
\BOOKMARK [1][-]{section.A.1}{\376\377\000D\000e\000s\000c\000r\000i\000p\000t\000i\000o\000n\000\040\000d\000'\000u\000n\000\040\000s\000y\000s\000t\000\350\000m\000e\000s\000\040\000t\000h\000e\000r\000m\000o\000d\000y\000n\000a\000m\000i\000q\000u\000e}{appendix.A}% 130
\BOOKMARK [2][-]{subsection.A.1.1}{\376\377\000\311\000t\000a\000t\000\040\000d\000'\000u\000n\000\040\000s\000y\000s\000t\000\350\000m\000e}{section.A.1}% 131
\BOOKMARK [2][-]{subsection.A.1.2}{\376\377\000V\000a\000r\000i\000a\000b\000l\000e\000\040\000d\000'\000\351\000t\000a\000t}{section.A.1}% 132
\BOOKMARK [3][-]{subsubsection.A.1.2.1}{\376\377\040\046\000\040\000e\000x\000t\000e\000n\000s\000i\000v\000e\000s}{subsection.A.1.2}% 133
\BOOKMARK [3][-]{subsubsection.A.1.2.2}{\376\377\040\046\000\040\000i\000n\000t\000e\000n\000s\000i\000v\000e\000s}{subsection.A.1.2}% 134
\BOOKMARK [2][-]{subsection.A.1.3}{\376\377\000F\000o\000n\000c\000t\000i\000o\000n\000s\000\040\000d\000'\000\351\000t\000a\000t}{section.A.1}% 135
\BOOKMARK [3][-]{subsubsection.A.1.3.1}{\376\377\000E\000n\000t\000r\000o\000p\000i\000e\000\040\000e\000t\000\040\000s\000e\000s\000\040\000g\000r\000a\000n\000d\000e\000u\000r\000s\000\040\000d\000'\000\351\000c\000h\000a\000n\000g\000e\000s}{subsection.A.1.3}% 136
\BOOKMARK [3][-]{subsubsection.A.1.3.2}{\376\377\000\311\000n\000e\000r\000g\000i\000e\000\040\000i\000n\000t\000e\000r\000n\000e}{subsection.A.1.3}% 137
\BOOKMARK [3][-]{subsubsection.A.1.3.3}{\376\377\000E\000n\000t\000h\000a\000l\000p\000i\000e}{subsection.A.1.3}% 138
\BOOKMARK [3][-]{subsubsection.A.1.3.4}{\376\377\000E\000n\000t\000h\000a\000l\000p\000i\000e\000\040\000l\000i\000b\000r\000e}{subsection.A.1.3}% 139
\BOOKMARK [3][-]{subsubsection.A.1.3.5}{\376\377\000P\000r\000o\000p\000r\000i\000\351\000t\000\351\000s\000\040\000e\000t\000\040\000b\000i\000l\000a\000n}{subsection.A.1.3}% 140
\BOOKMARK [1][-]{section.A.2}{\376\377\000D\000e\000s\000c\000r\000i\000p\000t\000i\000o\000n\000\040\000d\000'\000u\000n\000e\000\040\000t\000r\000a\000n\000s\000f\000o\000r\000m\000a\000t\000i\000o\000n\000\040\000t\000h\000e\000r\000m\000o\000d\000y\000n\000a\000m\000i\000q\000u\000e}{appendix.A}% 141
\BOOKMARK [2][-]{subsection.A.2.1}{\376\377\000G\000r\000a\000n\000d\000e\000u\000r\000s\000\040\000d\000'\000\351\000c\000h\000a\000n\000g\000e}{section.A.2}% 142
\BOOKMARK [2][-]{subsection.A.2.2}{\376\377\000T\000y\000p\000e\000\040\000d\000e\000\040\000t\000r\000a\000n\000s\000f\000o\000r\000m\000a\000t\000i\000o\000n\000s}{section.A.2}% 143
\BOOKMARK [2][-]{subsection.A.2.3}{\376\377\000C\000o\000n\000d\000i\000t\000i\000o\000n\000\040\000d\000'\000\351\000q\000u\000i\000l\000i\000b\000r\000e}{section.A.2}% 144
\BOOKMARK [3][-]{subsubsection.A.2.3.1}{\376\377\000\311\000q\000u\000i\000l\000i\000b\000r\000e\000\040\000t\000h\000e\000r\000m\000i\000q\000u\000e}{subsection.A.2.3}% 145
\BOOKMARK [3][-]{subsubsection.A.2.3.2}{\376\377\000\311\000q\000u\000i\000l\000i\000b\000r\000e\000\040\000m\000\351\000c\000a\000n\000i\000q\000u\000e}{subsection.A.2.3}% 146
\BOOKMARK [1][-]{section.A.3}{\376\377\000P\000r\000i\000n\000c\000i\000p\000e\000s\000\040\000t\000h\000e\000r\000m\000o\000d\000y\000n\000a\000m\000i\000q\000u\000e\000s}{appendix.A}% 147
\BOOKMARK [2][-]{subsection.A.3.1}{\376\377\000P\000r\000e\000m\000i\000e\000r\000\040\000p\000r\000i\000n\000c\000i\000p\000e}{section.A.3}% 148
\BOOKMARK [2][-]{subsection.A.3.2}{\376\377\000S\000e\000c\000o\000n\000d\000\040\000p\000r\000i\000n\000c\000i\000p\000e}{section.A.3}% 149
\BOOKMARK [1][-]{section.A.4}{\376\377\000G\000r\000a\000n\000d\000e\000u\000r\000s\000\040\000d\000e\000\040\000r\000\351\000a\000c\000t\000i\000o\000n}{appendix.A}% 150
\BOOKMARK [2][-]{subsection.A.4.1}{\376\377\000D\000\351\000f\000i\000n\000i\000t\000i\000o\000n}{section.A.4}% 151
\BOOKMARK [2][-]{subsection.A.4.2}{\376\377\000C\000r\000i\000t\000\350\000r\000e\000\040\000d\000'\000\351\000v\000o\000l\000u\000t\000i\000o\000n}{section.A.4}% 152
\BOOKMARK [2][-]{subsection.A.4.3}{\376\377\000R\000e\000l\000a\000t\000i\000o\000n\000\040\000e\000n\000t\000r\000e\000\040\000g\000r\000a\000n\000d\000e\000u\000r\000s\000\040\000d\000e\000\040\000r\000\351\000a\000c\000t\000i\000o\000n}{section.A.4}% 153
\BOOKMARK [2][-]{subsection.A.4.4}{\376\377\000U\000t\000i\000l\000i\000s\000a\000t\000i\000o\000n\000\040\000d\000e\000s\000\040\000r\000\351\000a\000c\000t\000i\000o\000n\000s\000\040\000d\000e\000\040\000f\000o\000r\000m\000a\000t\000i\000o\000n}{section.A.4}% 154
\BOOKMARK [3][-]{subsubsection.A.4.4.1}{\376\377\000\311\000t\000a\000t\000\040\000s\000t\000a\000n\000d\000a\000r\000d\000\040\000d\000e\000\040\000r\000\351\000f\000\351\000r\000e\000n\000c\000e}{subsection.A.4.4}% 155
\BOOKMARK [3][-]{subsubsection.A.4.4.2}{\376\377\000R\000\351\000a\000c\000t\000i\000o\000n\000\040\000d\000e\000\040\000f\000o\000r\000m\000a\000t\000i\000o\000n}{subsection.A.4.4}% 156
\BOOKMARK [3][-]{subsubsection.A.4.4.3}{\376\377\000L\000o\000i\000\040\000d\000e\000\040\000H\000e\000s\000s}{subsection.A.4.4}% 157
\BOOKMARK [2][-]{subsection.A.4.5}{\376\377\000U\000t\000i\000l\000i\000s\000a\000t\000i\000o\000n\000\040\000d\000e\000s\000\040\000g\000r\000a\000n\000d\000e\000u\000r\000s\000\040\000m\000o\000l\000a\000i\000r\000e\000s}{section.A.4}% 158
\BOOKMARK [3][-]{subsubsection.A.4.5.1}{\376\377\000D\000\351\000f\000i\000n\000i\000t\000i\000o\000n\000\040\000d\000e\000s\000\040\000g\000r\000a\000n\000d\000e\000u\000r\000s\000\040\000m\000o\000l\000a\000i\000r\000e\000s}{subsection.A.4.5}% 159
\BOOKMARK [3][-]{subsubsection.A.4.5.2}{\376\377\000C\000a\000l\000c\000u\000l\000\040\000d\000'\000u\000n\000e\000\040\000g\000r\000a\000n\000d\000e\000u\000r\000\040\000s\000t\000a\000n\000d\000a\000r\000d\000\040\000d\000e\000\040\000r\000\351\000a\000c\000t\000i\000o\000n}{subsection.A.4.5}% 160
\BOOKMARK [0][-]{appendix.B}{\376\377\000F\000o\000n\000c\000t\000i\000o\000n\000s\000\040\000\340\000\040\000p\000l\000u\000s\000i\000e\000u\000r\000s\000\040\000v\000a\000r\000i\000a\000b\000l\000e\000s}{}% 161
\BOOKMARK [1][-]{section.B.1}{\376\377\000R\000a\000p\000p\000e\000l\000\040\000s\000u\000r\000\040\000l\000a\000\040\000n\000o\000t\000a\000t\000i\000o\000n\000\040\000d\000i\000f\000f\000\351\000r\000e\000n\000t\000i\000e\000l\000l\000e}{appendix.B}% 162
\BOOKMARK [1][-]{section.B.2}{\376\377\000D\000\351\000r\000i\000v\000\351\000e\000s\000\040\000p\000a\000r\000t\000i\000e\000l\000l\000e\000s}{appendix.B}% 163
\BOOKMARK [1][-]{section.B.3}{\376\377\000D\000i\000f\000f\000\351\000r\000e\000n\000t\000i\000e\000l\000l\000e\000\040\000t\000o\000t\000a\000l\000e\000\040\000e\000x\000a\000c\000t\000e}{appendix.B}% 164
\BOOKMARK [2][-]{subsection.B.3.1}{\376\377\000D\000\351\000f\000i\000n\000i\000t\000i\000o\000n}{section.B.3}% 165
\BOOKMARK [2][-]{subsection.B.3.2}{\376\377\000C\000o\000n\000s\000\351\000q\000u\000e\000n\000c\000e\000\040\000s\000u\000r\000\040\000l\000e\000s\000\040\000d\000i\000f\000f\000\351\000r\000e\000n\000t\000i\000e\000l\000l\000e\000s\000\040\000c\000r\000o\000i\000s\000\351\000e\000s}{section.B.3}% 166
\BOOKMARK [2][-]{subsection.B.3.3}{\376\377\000I\000n\000t\000\351\000g\000r\000a\000t\000i\000o\000n}{section.B.3}% 167
\BOOKMARK [2][-]{subsection.B.3.4}{\376\377\000R\000e\000c\000h\000e\000r\000c\000h\000e\000\040\000d\000e\000s\000\040\000e\000x\000t\000r\000e\000m\000u\000m\000s}{section.B.3}% 168
\BOOKMARK [0][-]{appendix.C}{\376\377\000T\000h\000\351\000o\000r\000i\000e\000\040\000d\000u\000\040\000c\000h\000a\000m\000p\000\040\000c\000r\000i\000s\000t\000a\000l\000l\000i\000n}{}% 169
\BOOKMARK [1][-]{section.C.1}{\376\377\000C\000o\000n\000s\000t\000r\000u\000c\000t\000i\000o\000n\000\040\000d\000e\000\040\000l\000a\000\040\000t\000h\000\351\000o\000r\000i\000e\000\040\000p\000o\000u\000r\000\040\000l\000a\000\040\000g\000\351\000o\000m\000\351\000t\000r\000i\000e\000\040\000o\000c\000t\000a\000\351\000d\000r\000i\000q\000u\000e}{appendix.C}% 170
\BOOKMARK [1][-]{section.C.2}{\376\377\000R\000\350\000g\000l\000e\000\040\000d\000u\000\040\000b\000a\000r\000y\000c\000e\000n\000t\000r\000e\000\040\000e\000t\000\040\000p\000a\000r\000a\000m\000\350\000t\000r\000e\000\040\000d\000u\000\040\000c\000h\000a\000m\000p\000\040\000c\000r\000i\000s\000t\000a\000l\000l\000i\000s\000a\000t\000i\000o\000n}{appendix.C}% 171
\BOOKMARK [1][-]{section.C.3}{\376\377\000A\000u\000t\000r\000e\000s\000\040\000g\000\351\000o\000m\000\351\000t\000r\000i\000e\000s}{appendix.C}% 172
\BOOKMARK [1][-]{section.C.4}{\376\377\000E\000n\000e\000r\000g\000i\000e\000\040\000d\000e\000\040\000s\000t\000a\000b\000i\000l\000i\000s\000a\000t\000i\000o\000n\000\040\000d\000u\000\040\000c\000h\000a\000m\000p\000\040\000c\000r\000i\000s\000t\000a\000l\000l\000i\000n\000\040\000\050\000E\000S\000C\000C\000\051\000\040\000e\000t\000\040\000c\000o\000n\000f\000i\000g\000u\000r\000a\000t\000i\000o\000n\000\040\000\351\000l\000e\000c\000t\000r\000o\000n\000i\000q\000u\000e}{appendix.C}% 173
\BOOKMARK [1][-]{section.C.5}{\376\377\000P\000a\000r\000a\000m\000\350\000t\000r\000e\000s\000\040\000i\000n\000f\000l\000u\000e\000n\000\347\000a\000n\000t\000\040\000O\000\040\000e\000t\000\040\000P}{appendix.C}% 174
